Archive member included because of file (symbol)

/home/lego/Documents/gnatmindstorms2011/bin/../lib/gcc/arm-eabi/4.5.3/libgcc.a(_udivsi3.o)
                              ./a-reatim.o (__aeabi_uidiv)
/home/lego/Documents/gnatmindstorms2011/bin/../lib/gcc/arm-eabi/4.5.3/libgcc.a(_divsi3.o)
                              ./nxt-audio.o (__aeabi_idiv)
/home/lego/Documents/gnatmindstorms2011/bin/../lib/gcc/arm-eabi/4.5.3/libgcc.a(_dvmd_tls.o)
                              /home/lego/Documents/gnatmindstorms2011/bin/../lib/gcc/arm-eabi/4.5.3/libgcc.a(_udivsi3.o) (__aeabi_idiv0)
/home/lego/Documents/gnatmindstorms2011/bin/../lib/gcc/arm-eabi/4.5.3/libgcc.a(_aeabi_ldivmod.o)
                              ./a-reatim.o (__aeabi_ldivmod)
/home/lego/Documents/gnatmindstorms2011/bin/../lib/gcc/arm-eabi/4.5.3/libgcc.a(_aeabi_uldivmod.o)
                              ./a-reatim.o (__aeabi_uldivmod)
/home/lego/Documents/gnatmindstorms2011/bin/../lib/gcc/arm-eabi/4.5.3/libgcc.a(bpabi.o)
                              /home/lego/Documents/gnatmindstorms2011/bin/../lib/gcc/arm-eabi/4.5.3/libgcc.a(_aeabi_ldivmod.o) (__gnu_ldivmod_helper)
/home/lego/Documents/gnatmindstorms2011/bin/../lib/gcc/arm-eabi/4.5.3/libgcc.a(_divdi3.o)
                              /home/lego/Documents/gnatmindstorms2011/bin/../lib/gcc/arm-eabi/4.5.3/libgcc.a(bpabi.o) (__divdi3)
/home/lego/Documents/gnatmindstorms2011/bin/../lib/gcc/arm-eabi/4.5.3/libgcc.a(_udivdi3.o)
                              /home/lego/Documents/gnatmindstorms2011/bin/../lib/gcc/arm-eabi/4.5.3/libgcc.a(bpabi.o) (__udivdi3)
/home/lego/Documents/gnatmindstorms2011/bin/../lib/gcc/arm-eabi/4.5.3/libgcc.a(_clzsi2.o)
                              /home/lego/Documents/gnatmindstorms2011/bin/../lib/gcc/arm-eabi/4.5.3/libgcc.a(_divdi3.o) (__clzsi2)

Memory Configuration

Name             Origin             Length             Attributes
vector_ram       0x00200000         0x00000040
ram              0x00202000         0x0000e000
*default*        0x00000000         0xffffffff

Linker script and memory map

LOAD b~topdog.o
LOAD vectors.o
LOAD init.o
LOAD main.o
LOAD irq.o
LOAD context_switch-bb-arm.o
LOAD ./ada.o
LOAD ./interfac.o
LOAD ./i-c.o
LOAD ./system.o
LOAD ./a-except.o
LOAD ./s-bb.o
LOAD ./s-maccod.o
LOAD ./s-parame.o
LOAD ./s-stoele.o
LOAD ./s-bbpara.o
LOAD ./s-bbpere.o
LOAD ./s-multip.o
LOAD ./s-bcprmu.o
LOAD ./s-bbperi.o
LOAD ./s-bbthqu.o
LOAD ./s-bbthre.o
LOAD ./s-bbinte.o
LOAD ./s-bbtime.o
LOAD ./s-bbcppr.o
LOAD ./s-bbprot.o
LOAD ./s-musplo.o
LOAD ./s-osinte.o
LOAD ./s-mufalo.o
LOAD ./s-tasinf.o
LOAD ./s-taspri.o
LOAD ./s-tasdeb.o
LOAD ./s-taprop.o
LOAD ./s-unstyp.o
LOAD ./a-reatim.o
LOAD ./a-retide.o
LOAD ./s-taskin.o
LOAD ./a-tags.o
LOAD ./s-secsta.o
LOAD ./s-taprob.o
LOAD ./s-tpobmu.o
LOAD ./s-tposen.o
LOAD ./s-interr.o
LOAD ./a-interr.o
LOAD ./s-tasres.o
LOAD ./s-tarest.o
LOAD ./memory_compare.o
LOAD ./memory_copy.o
LOAD ./memory_set.o
LOAD ./nxt.o
LOAD ./nxt-malloc.o
LOAD ./nxt-registers.o
LOAD ./nxt-audio.o
LOAD ./nxt-buffers.o
LOAD ./nxt-filtering.o
LOAD ./nxt-fonts.o
LOAD ./nxt-motor_encoders.o
LOAD ./nxt-priorities.o
LOAD ./nxt-spi.o
LOAD ./nxt-lcd.o
LOAD ./nxt-display.o
LOAD ./nxt-twi.o
LOAD ./nxt-avr_io.o
LOAD ./nxt-avr.o
LOAD ./nxt-motor_controls.o
LOAD ./nxt-motors.o
LOAD ./nxt-motors-simple.o
LOAD ./nxt-motors-simple-ctors.o
LOAD ./nxt-sensor_ports.o
LOAD ./nxt-i2c_ports.o
LOAD ./nxt-i2c_sensors.o
LOAD ./nxt-light_sensors.o
LOAD ./nxt-light_sensors-ctors.o
LOAD ./nxt-touch_sensors.o
LOAD ./nxt-ultrasonic_sensors.o
LOAD ./nxt-ultrasonic_sensors-ctors.o
LOAD ./tasks.o
LOAD ./topdog.o
LOAD /home/lego/Documents/gnatmindstorms2011/bin/../lib/gcc/arm-eabi/4.5.3/libgcc.a
LOAD /home/lego/Documents/gnatmindstorms2011/lib/gcc/arm-eabi/4.5.3/rts-ravenscar-sfp/adalib/libgnarl.a
LOAD /home/lego/Documents/gnatmindstorms2011/lib/gcc/arm-eabi/4.5.3/rts-ravenscar-sfp/adalib/libgnat.a
                0x00200000                RAM_BASE = 0x200000
                0x00010000                RAM_SIZE = 0x10000

.vectors        0x00200000       0x40 load address 0x00202000
 *(.vectors)
 .vectors       0x00200000       0x3c vectors.o
                0x00200040                . = ALIGN (0x10)
 *fill*         0x0020003c        0x4 00
                0x00200000                __vectors_ram_start__ = ADDR (.vectors)
                0x00200040                __vectors_ram_end__ = (ADDR (.vectors) + SIZEOF (.vectors))
                0x00202000                __vectors_load_start__ = LOADADDR (.vectors)
                0x00202040                __vectors_load_end__ = (LOADADDR (.vectors) + SIZEOF (.vectors))

.text           0x00202040     0x9470
                0x00202040                . = ALIGN (0x10)
 *(*.text *.text.* *.glue*)
 .glue_7        0x00000000        0x0 linker stubs
 .glue_7t       0x00000000        0x0 linker stubs
 .text          0x00202040      0x2e8 b~topdog.o
                0x00202040                adainit
                0x00202308                main
 .text          0x00202328        0x0 vectors.o
 .text          0x00202328      0x270 init.o
                0x00202328                start
                0x00202484                undef_handler
                0x00202488                swi_handler
                0x0020248c                prefetch_abort_handler
                0x00202490                data_abort_handler
                0x002024ac                reserved_handler
 .text          0x00202598       0x38 main.o
                0x00202598                nxt_main
                0x002025a8                data_abort_pc
                0x002025ac                data_abort_C
                0x002025b0                __aeabi_unwind_cpp_pr0
                0x002025b4                __gnat_last_chance_handler
 .text          0x002025d0       0x48 irq.o
                0x002025d0                irq_handler
 .text          0x00202618       0x2c context_switch-bb-arm.o
                0x00202618                context_switch
 .text          0x00202644        0x0 ./ada.o
 .text          0x00202644        0x0 ./interfac.o
 .text          0x00202644        0x8 ./i-c.o
                0x00202644                interfaces__c__char_arrayIP
                0x00202648                interfaces__c__wchar_arrayIP
 .text          0x0020264c        0x0 ./system.o
 .text          0x0020264c       0x10 ./a-except.o
                0x0020264c                ada__exceptions__raise_exception
 .text          0x0020265c        0x0 ./s-bb.o
 .text          0x0020265c        0x8 ./s-maccod.o
                0x0020265c                system__machine_code__asm_input_operand_listIP
                0x00202660                system__machine_code__asm_output_operand_listIP
 .text          0x00202664        0xc ./s-parame.o
                0x00202664                system__parameters__adjust_storage_size
 .text          0x00202670       0x58 ./s-stoele.o
                0x00202670                system__storage_elements__storage_arrayIP
                0x00202674                system__storage_elements__to_address
                0x00202678                system__storage_elements__to_integer
                0x0020267c                system__storage_elements__Oadd
                0x00202684                system__storage_elements__Oadd__2
                0x0020268c                system__storage_elements__Osubtract
                0x00202694                system__storage_elements__Osubtract__2
                0x0020269c                system__storage_elements__Omod
 .text          0x002026c8        0x0 ./s-bbpara.o
 .text          0x002026c8        0xc ./s-bbpere.o
                0x002026c8                system__bb__peripherals__registers__Taic_smr_arrayBIP
                0x002026cc                system__bb__peripherals__registers__Taic_svr_arrayBIP
                0x002026d0                system__bb__peripherals__registers__Tadc_cdrBIP
 .text          0x002026d4        0x8 ./s-multip.o
                0x002026d4                system__multiprocessors__number_of_cpus
 .text          0x002026dc       0x14 ./s-bcprmu.o
                0x002026dc                system__bb__cpu_primitives__multiprocessors__current_cpu
                0x002026e4                system__bb__cpu_primitives__multiprocessors__poke_cpu
                0x002026e8                system__bb__cpu_primitives__multiprocessors__start_cpu
                0x002026ec                system__bb__cpu_primitives__multiprocessors__start_all_cpus
 .text          0x002026f0       0x1c ./s-bbperi.o
                0x002026f0                system__bb__peripherals__initialize_board
                0x002026f4                system__bb__peripherals__level_of_interrupt
                0x002026fc                system__bb__peripherals__priority_of_interrupt
                0x00202704                system__bb__peripherals__ticks_per_second
 .text          0x0020270c      0x36c ./s-bbthqu.o
                0x0020270c                system__bb__threads__queues__change_priority
                0x00202784                system__bb__threads__queues__current_priority
                0x002027b4                system__bb__threads__queues__extract
                0x002027ec                system__bb__threads__queues__extract_first_alarm
                0x00202828                system__bb__threads__queues__first_thread
                0x00202850                system__bb__threads__queues__get_next_alarm_time
                0x00202874                system__bb__threads__queues__insert
                0x00202908                system__bb__threads__queues__insert_alarm
                0x00202994                system__bb__threads__queues__running_thread
                0x002029b8                system__bb__threads__queues__wakeup_expired_alarms
                0x00202a04                system__bb__threads__queues__yield
 .text          0x00202a78      0x314 ./s-bbthre.o
                0x00202a78                system__bb__threads__thread_descriptorIP
                0x00202a8c                system__bb__threads__Tslave_stacksBIP
                0x00202a90                system__bb__threads__Tslave_stacks_tableBIP
                0x00202a94                system__bb__threads__get_affinity
                0x00202a9c                system__bb__threads__get_cpu
                0x00202aac                system__bb__threads__get_atcb
                0x00202ac0                system__bb__threads__get_priority
                0x00202ac8                system__bb__threads__initialize
                0x00202b9c                system__bb__threads__initialize_slave_environment
                0x00202c34                system__bb__threads__set_atcb
                0x00202c4c                system__bb__threads__set_priority
                0x00202c70                system__bb__threads__sleep
                0x00202cac                system__bb__threads__thread_create
                0x00202d44                system__bb__threads__thread_self
                0x00202d54                system__bb__threads__wakeup
 .text          0x00202d8c      0x1e0 ./s-bbinte.o
                0x00202d90                system__bb__interrupts__Tinterrupt_handlersBIP
                0x00202dc4                system__bb__interrupts__attach_handler__2
                0x00202de8                system__bb__interrupts__attach_handler
                0x00202e10                system__bb__interrupts__current_interrupt
                0x00202e20                irq_handler_ada
                0x00202ea4                system__bb__interrupts__within_interrupt_stack
                0x00202eac                system__bb__interrupts__initialize_interrupts
                0x00202f14                system__bb__interrupts__enable_interrupt
                0x00202f30                system__bb__interrupts__disable_interrupt
                0x00202f4c                system__bb__interrupts___elabb
 .text          0x00202f6c      0x10c ./s-bbtime.o
                0x00202fc0                system__bb__time__update_alarm
                0x00202fc4                system__bb__time__clock
                0x00202fd4                system__bb__time__delay_until
                0x00203028                system__bb__time__get_next_timeout
                0x00203038                system__bb__time__initialize_timers
 .text          0x00203078       0x40 ./s-bbcppr.o
                0x00203078                system__bb__cpu_primitives__Tcontext_bufferBIP
                0x0020307c                system__bb__cpu_primitives__initialize_context
                0x0020308c                system__bb__cpu_primitives__initialize_floating_point
                0x00203090                system__bb__cpu_primitives__disable_interrupts
                0x002030a0                system__bb__cpu_primitives__enable_interrupts
 .text          0x002030b8      0x11c ./s-bbprot.o
                0x002030b8                system__bb__protection__enter_kernel
                0x002030c8                context_switch_needed
                0x002030e8                system__bb__protection__leave_kernel
 .text          0x002031d4       0x24 ./s-musplo.o
                0x002031d4                system__multiprocessors__spin_locks__spin_lockIP
                0x002031e0                system__multiprocessors__spin_locks__lock
                0x002031e4                system__multiprocessors__spin_locks__locked
                0x002031ec                system__multiprocessors__spin_locks__try_lock
                0x002031f4                system__multiprocessors__spin_locks__unlock
 .text          0x002031f8        0x0 ./s-osinte.o
 .text          0x002031f8      0x110 ./s-mufalo.o
                0x002031f8                system__multiprocessors__fair_locks__Tspinning_arrayBIP
                0x002031fc                system__multiprocessors__fair_locks__fair_lockIP
                0x0020320c                system__multiprocessors__fair_locks__initialize
                0x0020322c                system__multiprocessors__fair_locks__lock
                0x00203294                system__multiprocessors__fair_locks__locked
                0x002032a8                system__multiprocessors__fair_locks__next_spinning
                0x002032b8                system__multiprocessors__fair_locks__try_lock
                0x002032cc                system__multiprocessors__fair_locks__unlock
 .text          0x00203308        0x0 ./s-tasinf.o
 .text          0x00203308       0x1c ./s-taspri.o
                0x00203308                system__task_primitives__private_dataIP
 .text          0x00203324       0x24 ./s-tasdeb.o
                0x00203324                system__tasking__debug__add_task_id
 .text          0x00203348      0x1a8 ./s-taprop.o
                0x00203348                system__task_primitives__operations__self
                0x00203358                system__task_primitives__operations__sleep
                0x00203368                system__task_primitives__operations__delay_until
                0x00203398                system__task_primitives__operations__monotonic_clock
                0x002033a8                system__task_primitives__operations__wakeup
                0x002033bc                system__task_primitives__operations__set_priority
                0x002033d0                system__task_primitives__operations__get_priority
                0x002033e4                system__task_primitives__operations__get_affinity
                0x002033f8                system__task_primitives__operations__get_cpu
                0x0020340c                system__task_primitives__operations__get_thread_id
                0x00203414                system__task_primitives__operations__enter_task
                0x00203440                system__task_primitives__operations__initialize_tcb
                0x00203448                system__task_primitives__operations__create_task
                0x00203488                system__task_primitives__operations__initialize
                0x002034b0                system__task_primitives__operations__initialize_slave
                0x002034d4                system__task_primitives__operations__is_task_context
 .text          0x002034f0        0x4 ./s-unstyp.o
                0x002034f0                system__unsigned_types__packed_bytes1IP
 .text          0x002034f4      0x7a4 ./a-reatim.o
                0x002034f4                ada__real_time__Omultiply
                0x00203600                ada__real_time__Omultiply__2
                0x00203614                ada__real_time__Oadd
                0x00203678                ada__real_time__Oadd__2
                0x002036dc                ada__real_time__Oadd__3
                0x00203734                ada__real_time__Osubtract
                0x0020379c                ada__real_time__Osubtract__2
                0x00203818                ada__real_time__Osubtract__3
                0x00203878                ada__real_time__Osubtract__4
                0x002038b0                ada__real_time__Odivide
                0x00203930                ada__real_time__Odivide__2
                0x00203980                ada__real_time__clock
                0x00203990                ada__real_time__microseconds
                0x002039cc                ada__real_time__milliseconds
                0x00203a04                ada__real_time__minutes
                0x00203a34                ada__real_time__nanoseconds
                0x00203a70                ada__real_time__seconds
                0x00203a9c                ada__real_time__split
                0x00203ae4                ada__real_time__time_of
                0x00203b0c                ada__real_time__to_duration
                0x00203c08                ada__real_time__to_time_span
                0x00203c4c                ada__real_time___elabb
                0x00203c5c                ada__real_time___elabs
 .text          0x00203c98       0x40 ./a-retide.o
                0x00203c98                ada__real_time__delays__delay_until
                0x00203ccc                ada__real_time__delays__to_duration
 .text          0x00203cd8      0x2d0 ./s-taskin.o
                0x00203cd8                system__tasking__E5sIP
                0x00203ce4                system__tasking__activation_chainIP
                0x00203cf0                system__tasking__Tenvironment_tableBIP
                0x00203cf4                __gnat_get_secondary_stack
                0x00203d08                system__tasking__initialize_atcb
                0x00203d74                system__tasking__initialize
                0x00203ee8                __gnat_initialize_slave
                0x00203f90                system__tasking__self
                0x00203fa0                system__tasking__storage_size
 .text          0x00203fa8      0x1f8 ./a-tags.o
                0x00203fa8                ada__tags__tag_tableIP
                0x00203fdc                ada__tags__address_arrayIP
                0x00204010                ada__tags__type_specific_dataIP
                0x00204044                ada__tags__dispatch_table_wrapperIP
                0x00204068                ada__tags__no_dispatch_table_wrapperIP
                0x0020406c                ada__tags__expanded_name
                0x002040f0                ada__tags__external_tag
                0x00204174                ada__tags__parent_tag
 .text          0x002041a0       0x8c ./s-secsta.o
                0x002041a0                system__secondary_stack__memoryIP
                0x002041a4                system__secondary_stack__ss_allocate
                0x002041ec                system__secondary_stack__ss_init
                0x00204200                system__secondary_stack__ss_mark
                0x00204214                system__secondary_stack__ss_release
 .text          0x0020422c       0xf8 ./s-taprob.o
                0x0020422c                system__tasking__protected_objects__entry_bodyIP
                0x0020423c                system__tasking__protected_objects__protectionIP
                0x00204250                system__tasking__protected_objects__initialize_protection
                0x00204278                system__tasking__protected_objects__lock
                0x002042e4                system__tasking__protected_objects__unlock
                0x00204314                system__tasking__protected_objects___elabb
 .text          0x00204324      0x14c ./s-tpobmu.o
                0x00204324                system__tasking__protected_objects__multiprocessors__wakeup_served_entry
                0x0020438c                system__tasking__protected_objects__multiprocessors__entry_call_listIP
                0x002043a0                system__tasking__protected_objects__multiprocessors__served
                0x00204440                system__tasking__protected_objects__multiprocessors___elabb
 .text          0x00204470      0x1ec ./s-tposen.o
                0x00204470                system__tasking__protected_objects__single_entry__complete_single_entry_body
                0x00204474                system__tasking__protected_objects__single_entry__initialize_protection_entry
                0x002044a8                system__tasking__protected_objects__single_entry__lock_entry
                0x002044bc                system__tasking__protected_objects__single_entry__protected_count_entry
                0x002044cc                system__tasking__protected_objects__single_entry__protected_single_entry_call
                0x002045b0                system__tasking__protected_objects__single_entry__protected_single_entry_caller
                0x002045bc                system__tasking__protected_objects__single_entry__service_entry
                0x00204648                system__tasking__protected_objects__single_entry__unlock_entry
 .text          0x0020465c      0x144 ./s-interr.o
                0x0020465c                system__interrupts__default_handler
                0x0020468c                system__interrupts__E3sIP
                0x00204698                system__interrupts__handler_itemIP
                0x002046a8                system__interrupts__handler_arrayIP
                0x002046e8                system__interrupts__install_handler
                0x00204728                system__interrupts__install_restricted_handlers
 .text          0x002047a0       0xb0 ./a-interr.o
                0x002047a0                ada__interrupts__E3sIP
                0x002047ac                ada__interrupts__attach_handler
                0x002047c8                ada__interrupts__current_handler
                0x002047dc                ada__interrupts__detach_handler
                0x002047f0                ada__interrupts__exchange_handler
                0x00204814                ada__interrupts__is_attached
                0x00204828                ada__interrupts__is_reserved
                0x0020483c                ada__interrupts__reference
 .text          0x00204850        0x0 ./s-tasres.o
 .text          0x00204850      0x248 ./s-tarest.o
                0x00204900                system__tasking__restricted__stages__activate_restricted_tasks
                0x00204994                system__tasking__restricted__stages__complete_restricted_activation
                0x00204998                system__tasking__restricted__stages__complete_restricted_task
                0x002049b0                system__tasking__restricted__stages__create_restricted_task
                0x00204a5c                system__tasking__restricted__stages__finalize_global_tasks
                0x00204a74                system__tasking__restricted__stages__restricted_terminated
                0x00204a88                system__tasking__restricted__stages___elabb
 .text          0x00204a98       0x6c ./memory_compare.o
                0x00204a98                memcmp
 .text          0x00204b04       0xe8 ./memory_copy.o
                0x00204b04                memcpy
                0x00204b54                memmove
 .text          0x00204bec       0x4c ./memory_set.o
                0x00204bec                memset
 .text          0x00204c38        0x0 ./nxt.o
 .text          0x00204c38       0x14 ./nxt-malloc.o
                0x00204c38                __gnat_malloc
 .text          0x00204c4c        0x0 ./nxt-registers.o
 .text          0x00204c4c      0xa7c ./nxt-audio.o
                0x002051b0                nxt__audio__waveformIP
                0x002051b4                nxt__audio__Tsample_bufferBIP
                0x002051b8                nxt__audio__Tdouble_bufferBIP
                0x002051bc                nxt__audio__TamplificationBIP
                0x002051c0                nxt__audio__generatorTVIP
                0x00205224                nxt__audio__Tsound_sampleBIP
                0x00205228                nxt__audio__play_tone
                0x00205494                nxt__audio__play_sample
                0x00205550                nxt__audio__time_remaining
                0x00205614                nxt__audio__mute
                0x00205624                nxt__audio__unmute
                0x00205634                nxt__audio___elabb
 .text          0x002056c8        0x0 ./nxt-buffers.o
 .text          0x002056c8        0x0 ./nxt-filtering.o
 .text          0x002056c8        0x0 ./nxt-fonts.o
 .text          0x002056c8      0x158 ./nxt-motor_encoders.o
                0x00205760                nxt__motor_encoders__TcountersBIP
                0x00205764                nxt__motor_encoders__Tpin_arrayBIP
                0x00205768                nxt__motor_encoders__pioTVIP
                0x002057b8                nxt__motor_encoders___elabb
 .text          0x00205820        0x0 ./nxt-priorities.o
 .text          0x00205820      0x1fc ./nxt-spi.o
                0x00205894                nxt__spi__spiTVIP
                0x002058e8                nxt__spi__send
                0x00205964                nxt__spi___elabb
 .text          0x00205a1c      0x134 ./nxt-lcd.o
                0x00205a1c                nxt__lcd__lcd_lineIP
                0x00205a20                nxt__lcd__command
                0x00205a40                nxt__lcd__set_all_pixels_on
                0x00205a50                nxt__lcd__set_inverse_display
                0x00205a60                nxt__lcd__write
                0x00205ae4                nxt__lcd__power_on
 .text          0x00205b50      0x648 ./nxt-display.o
                0x00205b50                nxt__display__TscreenBIP
                0x00205b54                nxt__display__screen_update
                0x00205c64                nxt__display__clear_screen_noupdate
                0x00205cb4                nxt__display__clear_screen
                0x00205cc4                nxt__display__set_pos
                0x00205cd8                nxt__display__newline_noupdate
                0x00205d74                nxt__display__put_noupdate
                0x00205e20                nxt__display__put
                0x00205e30                nxt__display__put_noupdate__2
                0x00205e74                nxt__display__put__2
                0x00205e84                nxt__display__put_line
                0x00205e98                nxt__display__newline
                0x00205ea8                nxt__display__put_hex
                0x00205ee4                nxt__display__put_hex__2
                0x00205f20                nxt__display__put_hex__3
                0x00205f50                nxt__display__put_noupdate__3
                0x00206024                nxt__display__put_noupdate__4
                0x0020614c                put_exception
                0x00206188                nxt__display___elabb
 .text          0x00206198      0x328 ./nxt-twi.o
                0x00206388                nxt__twi__twiTVIP
                0x002063e0                nxt__twi__send
                0x0020640c                nxt__twi__recv
                0x00206438                nxt__twi___elabb
 .text          0x002064c0      0x37c ./nxt-avr_io.o
                0x002064c0                nxt__avr_io__Tpwm_output_valuesBIP
                0x002064c4                nxt__avr_io__Tmotor_braking_modesBIP
                0x002064c8                nxt__avr_io__Tport_bitsBIP
                0x002064cc                nxt__avr_io__sensor_power_controlIP
                0x002064d0                nxt__avr_io__outgoing_avr_messageIP
                0x002064d4                nxt__avr_io__Traw_adc_inputsBIP
                0x002064d8                nxt__avr_io__incoming_avr_messageIP
                0x002064dc                nxt__avr_io__Toutgoing_message_as_bytesBIP
                0x002064e0                nxt__avr_io__Tincoming_message_as_bytesBIP
                0x002064e4                nxt__avr_io__send_initialization
                0x00206508                nxt__avr_io__send_to_avr
                0x00206568                nxt__avr_io__receive_from_avr
                0x002065d8                nxt__avr_io__power_down_message
                0x002065e4                nxt__avr_io__set_sensor_power_message
                0x00206720                nxt__avr_io__set_motor_message
                0x002067d4                nxt__avr_io__raw_inputs
                0x002067f0                nxt__avr_io__decoded_button
                0x00206834                nxt__avr_io__battery_reading
 .text          0x0020683c      0x63c ./nxt-avr.o
                0x0020683c                nxt__avr__outgoing_messages__insertXn
                0x002068f0                nxt__avr__outgoing_messages__removeXn
                0x002069b4                nxt__avr__outgoing_messages__emptyXn
                0x002069d8                nxt__avr__outgoing_messages__fullXn
                0x00206a00                nxt__avr__outgoing_messages__clearXn
                0x00206a34                nxt__avr__outgoing_messages__extentXn
                0x00206a50                nxt__avr__button_inputs__filteredXn
                0x00206aa4                nxt__avr__outgoing_messages__contentIPXn
                0x00206aa8                nxt__avr__outgoing_messages__bufferIPXn
                0x00206adc                nxt__avr__button_inputs__filterIPXn
                0x00206af4                nxt__avr__pumpTKVIP
                0x00206b80                nxt__avr__power_down
                0x00206ce0                nxt__avr__set_power
                0x00206d1c                nxt__avr__set_input_power
                0x00206d50                nxt__avr__await_data_available
                0x00206dc4                nxt__avr___elabb
 .text          0x00206e78       0x40 ./nxt-motor_controls.o
                0x00206e78                nxt__motor_controls__control_motor
 .text          0x00206eb8      0x148 ./nxt-motors.o
                0x00206eb8                nxt__motors___alignment
                0x00206ec0                nxt__motors___size
                0x00206ecc                nxt__motors__id
                0x00206ed4                nxt__motors__current_power
                0x00206edc                nxt__motors__forward
                0x00206efc                nxt__motors__backward
                0x00206f1c                nxt__motors__reverse_direction
                0x00206f5c                nxt__motors__moving
                0x00206f70                nxt__motors__stop
                0x00206fa0                nxt__motors__update_state
                0x00206fcc                nxt__motors__set_power
                0x00206fec                nxt__motors__abstract_motorIP
 .text          0x00207000       0x70 ./nxt-motors-simple.o
                0x00207000                nxt__motors__simple___alignment__2
                0x00207008                nxt__motors__simple___size__2
                0x00207014                nxt__motors__simple__current_encoder_count
                0x00207028                nxt__motors__simple__reset_encoder_count
                0x0020705c                nxt__motors__simple__simple_motorIP
 .text          0x00207070       0x7c ./nxt-motors-simple-ctors.o
                0x00207070                nxt__motors__simple__ctors__make
 .text          0x002070ec      0x234 ./nxt-sensor_ports.o
                0x002070ec                nxt__sensor_ports__Tdigital_pinsBIP
                0x002070f0                nxt__sensor_ports__port_pinsIP
                0x002070f4                nxt__sensor_ports__set_pin_mode
                0x00207190                nxt__sensor_ports__current_state
                0x002071b8                nxt__sensor_ports__set_pin_state
                0x002071e0                nxt__sensor_ports__reset
                0x00207258                nxt__sensor_ports__reset_all_ports
                0x00207284                nxt__sensor_ports__set_input_power
                0x00207294                nxt__sensor_ports___elabs
 .text          0x00207320     0x1150 ./nxt-i2c_ports.o
                0x00207320                nxt__i2c_ports__i2c_ports__insertXn
                0x002073a8                nxt__i2c_ports__i2c_ports__removeXn
                0x0020743c                nxt__i2c_ports__i2c_ports__emptyXn
                0x00207454                nxt__i2c_ports__i2c_ports__fullXn
                0x00207470                nxt__i2c_ports__i2c_ports__clearXn
                0x00207580                nxt__i2c_ports__i2c_ports__extentXn
                0x00207590                nxt__i2c_ports__bang_bits
                0x00207bec                nxt__i2c_ports__i2c_ports__contentIPXn
                0x00207c20                nxt__i2c_ports__i2c_ports__bufferIPXn
                0x00207c70                nxt__i2c_ports__Tfull_addressBIP
                0x00207c74                nxt__i2c_ports__Tbyte_bufferBIP
                0x00207c78                nxt__i2c_ports__partial_transactionIP
                0x00207c7c                nxt__i2c_ports__Tpartial_transactions_listBIP
                0x00207c80                nxt__i2c_ports__i2c_portIP
                0x00207c94                nxt__i2c_ports__Tknown_portsBIP
                0x00207ce4                nxt__i2c_ports__Tdouble_bufferBIP
                0x00207d38                nxt__i2c_ports__controllerTVIP
                0x00207d88                nxt__i2c_ports__initialize
                0x00207e08                nxt__i2c_ports__configure_i2c_port
                0x00207eb8                nxt__i2c_ports__disable
                0x00207f08                nxt__i2c_ports__disable_all_ports
                0x00207f34                nxt__i2c_ports__busy
                0x00207f64                nxt__i2c_ports__enabled
                0x00207f7c                nxt__i2c_ports__start_transaction
                0x00208348                nxt__i2c_ports__complete_transaction
                0x00208434                nxt__i2c_ports___elabb
 .text          0x00208470      0x398 ./nxt-i2c_sensors.o
                0x00208470                nxt__i2c_sensors___alignment
                0x00208478                nxt__i2c_sensors___size
                0x00208484                nxt__i2c_sensors__port
                0x0020848c                nxt__i2c_sensors__device
                0x00208494                nxt__i2c_sensors__set_port_id
                0x0020849c                nxt__i2c_sensors__set_device_address
                0x002084a4                nxt__i2c_sensors__fetch_string
                0x00208510                nxt__i2c_sensors__get_version
                0x00208520                nxt__i2c_sensors__get_product_id
                0x00208530                nxt__i2c_sensors__get_sensor_type
                0x00208540                nxt__i2c_sensors__set_multiple_bytes
                0x00208600                nxt__i2c_sensors__fetch_multiple_bytes
                0x002086b4                nxt__i2c_sensors__get_data
                0x00208748                nxt__i2c_sensors__send_data
                0x002087e8                nxt__i2c_sensors__i2c_sensorIP
                0x00208804                nxt__i2c_sensors__multiple_bytesIP
 .text          0x00208808      0x148 ./nxt-light_sensors.o
                0x00208808                nxt__light_sensors___alignment
                0x00208810                nxt__light_sensors___size
                0x0020881c                nxt__light_sensors__id
                0x00208824                nxt__light_sensors__normalized_light_value
                0x00208844                nxt__light_sensors__calibrate_low
                0x00208860                nxt__light_sensors__calibrate_high
                0x0020887c                nxt__light_sensors__set_high
                0x00208884                nxt__light_sensors__set_low
                0x0020888c                nxt__light_sensors__get_high
                0x00208894                nxt__light_sensors__get_low
                0x0020889c                nxt__light_sensors__floodlight_color
                0x002088b0                nxt__light_sensors__floodlight_on
                0x002088b8                nxt__light_sensors__light_value
                0x002088fc                nxt__light_sensors__enable_floodlight
                0x00208924                nxt__light_sensors__light_sensorIP
 .text          0x00208950       0xc8 ./nxt-light_sensors-ctors.o
                0x00208950                nxt__light_sensors__ctors__make
 .text          0x00208a18       0x50 ./nxt-touch_sensors.o
                0x00208a18                nxt__touch_sensors___alignment
                0x00208a20                nxt__touch_sensors___size
                0x00208a2c                nxt__touch_sensors__pressed
                0x00208a50                nxt__touch_sensors__touch_sensorIP
 .text          0x00208a68      0x728 ./nxt-ultrasonic_sensors.o
                0x00208a68                nxt__ultrasonic_sensors___alignment__2
                0x00208a70                nxt__ultrasonic_sensors___size__2
                0x00208a7c                nxt__ultrasonic_sensors__commanded_mode
                0x00208a84                nxt__ultrasonic_sensors__reset__2
                0x00208aa4                nxt__ultrasonic_sensors__ping__2
                0x00208ac4                nxt__ultrasonic_sensors__off__2
                0x00208ae4                nxt__ultrasonic_sensors__get_units
                0x00208b0c                nxt__ultrasonic_sensors__get_factory_data
                0x00208b60                nxt__ultrasonic_sensors__get_calibration_data
                0x00208bb4                nxt__ultrasonic_sensors__set_calibration_data
                0x00208be4                nxt__ultrasonic_sensors__get_continuous_interval
                0x00208c30                nxt__ultrasonic_sensors__set_continuous_interval
                0x00208c64                nxt__ultrasonic_sensors__get_data__2
                0x00208cbc                nxt__ultrasonic_sensors__send_data__2
                0x00208d14                nxt__ultrasonic_sensors__query_current_mode
                0x00208d64                nxt__ultrasonic_sensors__get_distances__2
                0x00208eec                nxt__ultrasonic_sensors__get_distances
                0x00208f2c                nxt__ultrasonic_sensors__get_distance
                0x00208fe4                nxt__ultrasonic_sensors__set_mode
                0x002090a4                nxt__ultrasonic_sensors__initialize_port
                0x0020910c                nxt__ultrasonic_sensors__ultrasonic_sensorIP
                0x0020914c                nxt__ultrasonic_sensors__distancesIP
                0x00209150                nxt__ultrasonic_sensors___elabs
 .text          0x00209190      0x11c ./nxt-ultrasonic_sensors-ctors.o
                0x00209190                nxt__ultrasonic_sensors__ctors__make__2
                0x00209240                nxt__ultrasonic_sensors__ctors__make
 .text          0x002092ac      0x7c0 ./tasks.o
                0x00209694                tasks__command_typeIP
                0x00209698                tasks__background
                0x0020969c                tasks__commandcenterTVIP
                0x002096ec                tasks__P2bIP
                0x002096f4                tasks__motortaskTKVIP
                0x00209770                tasks__lighttaskTKVIP
                0x002097ec                tasks__distancetaskTKVIP
                0x00209868                tasks__shutdowntaskTKVIP
                0x002098e4                tasks___elabb
                0x002099a8                tasks___elabs
 .text          0x00209a6c       0x10 ./topdog.o
                0x00209a6c                _ada_topdog
 .text          0x00209a7c      0x114 /home/lego/Documents/gnatmindstorms2011/bin/../lib/gcc/arm-eabi/4.5.3/libgcc.a(_udivsi3.o)
                0x00209a7c                __udivsi3
                0x00209a7c                __aeabi_uidiv
                0x00209b70                __aeabi_uidivmod
 .text          0x00209b90      0x148 /home/lego/Documents/gnatmindstorms2011/bin/../lib/gcc/arm-eabi/4.5.3/libgcc.a(_divsi3.o)
                0x00209b90                __aeabi_idiv
                0x00209b90                __divsi3
                0x00209cb8                __aeabi_idivmod
 .text          0x00209cd8        0x4 /home/lego/Documents/gnatmindstorms2011/bin/../lib/gcc/arm-eabi/4.5.3/libgcc.a(_dvmd_tls.o)
                0x00209cd8                __aeabi_ldiv0
                0x00209cd8                __aeabi_idiv0
 .text          0x00209cdc       0x44 /home/lego/Documents/gnatmindstorms2011/bin/../lib/gcc/arm-eabi/4.5.3/libgcc.a(_aeabi_ldivmod.o)
                0x00209cdc                __aeabi_ldivmod
 .text          0x00209d20       0x3c /home/lego/Documents/gnatmindstorms2011/bin/../lib/gcc/arm-eabi/4.5.3/libgcc.a(_aeabi_uldivmod.o)
                0x00209d20                __aeabi_uldivmod
 .text          0x00209d5c       0x80 /home/lego/Documents/gnatmindstorms2011/bin/../lib/gcc/arm-eabi/4.5.3/libgcc.a(bpabi.o)
                0x00209d5c                __gnu_ldivmod_helper
                0x00209d9c                __gnu_uldivmod_helper
 .text          0x00209ddc      0x4b8 /home/lego/Documents/gnatmindstorms2011/bin/../lib/gcc/arm-eabi/4.5.3/libgcc.a(_divdi3.o)
                0x00209ddc                __divdi3
 .text          0x0020a294      0x44c /home/lego/Documents/gnatmindstorms2011/bin/../lib/gcc/arm-eabi/4.5.3/libgcc.a(_udivdi3.o)
                0x0020a294                __udivdi3
 .text          0x0020a6e0       0x48 /home/lego/Documents/gnatmindstorms2011/bin/../lib/gcc/arm-eabi/4.5.3/libgcc.a(_clzsi2.o)
                0x0020a6e0                __clzsi2
                0x0020a730                . = ALIGN (0x10)
 *fill*         0x0020a728        0x8 00
 *(*.rodata *.rodata.*)
 .rodata        0x0020a730      0x22c b~topdog.o
                0x0020a730                __gnat_ada_main_program_name
                0x0020a73c                __gnat_version
                0x0020a760                topdogB
                0x0020a764                systemS
                0x0020a768                system__taskingB
                0x0020a76c                system__taskingS
                0x0020a770                ada__exceptionsB
                0x0020a774                ada__exceptionsS
                0x0020a778                adaS
                0x0020a77c                system__secondary_stackB
                0x0020a780                system__secondary_stackS
                0x0020a784                system__storage_elementsB
                0x0020a788                system__storage_elementsS
                0x0020a78c                system__task_primitivesS
                0x0020a790                system__os_interfaceS
                0x0020a794                system__bbS
                0x0020a798                system__bb__cpu_primitivesB
                0x0020a79c                system__bb__cpu_primitivesS
                0x0020a7a0                interfacesS
                0x0020a7a4                system__bb__interruptsB
                0x0020a7a8                system__bb__interruptsS
                0x0020a7ac                system__bb__peripheralsB
                0x0020a7b0                system__bb__peripheralsS
                0x0020a7b4                system__bb__peripherals__registersS
                0x0020a7b8                system__bb__timeB
                0x0020a7bc                system__bb__timeS
                0x0020a7c0                system__bb__protectionB
                0x0020a7c4                system__bb__protectionS
                0x0020a7c8                system__bb__parametersS
                0x0020a7cc                system__parametersB
                0x0020a7d0                system__parametersS
                0x0020a7d4                system__bb__threadsB
                0x0020a7d8                system__bb__threadsS
                0x0020a7dc                system__bb__cpu_primitives__multiprocessorsB
                0x0020a7e0                system__bb__cpu_primitives__multiprocessorsS
                0x0020a7e4                system__multiprocessorsB
                0x0020a7e8                system__multiprocessorsS
                0x0020a7ec                system__bb__threads__queuesB
                0x0020a7f0                system__bb__threads__queuesS
                0x0020a7f4                system__machine_codeS
                0x0020a7f8                system__task_primitives__operationsB
                0x0020a7fc                system__task_primitives__operationsS
                0x0020a800                system__tasking__debugB
                0x0020a804                system__tasking__debugS
                0x0020a808                system__task_infoB
                0x0020a80c                system__task_infoS
                0x0020a810                tasksB
                0x0020a814                tasksS
                0x0020a818                ada__real_timeB
                0x0020a81c                ada__real_timeS
                0x0020a820                ada__real_time__delaysB
                0x0020a824                ada__real_time__delaysS
                0x0020a828                ada__tagsB
                0x0020a82c                ada__tagsS
                0x0020a830                nxtS
                0x0020a834                nxt__audioB
                0x0020a838                nxt__audioS
                0x0020a83c                ada__interruptsB
                0x0020a840                ada__interruptsS
                0x0020a844                system__interruptsB
                0x0020a848                system__interruptsS
                0x0020a84c                system__tasking__protected_objectsB
                0x0020a850                system__tasking__protected_objectsS
                0x0020a854                system__multiprocessors__fair_locksB
                0x0020a858                system__multiprocessors__fair_locksS
                0x0020a85c                system__multiprocessors__spin_locksB
                0x0020a860                system__multiprocessors__spin_locksS
                0x0020a864                system__tasking__protected_objects__single_entryB
                0x0020a868                system__tasking__protected_objects__single_entryS
                0x0020a86c                system__tasking__protected_objects__multiprocessorsB
                0x0020a870                system__tasking__protected_objects__multiprocessorsS
                0x0020a874                nxt__registersS
                0x0020a878                nxt__avrB
                0x0020a87c                nxt__avrS
                0x0020a880                memory_compareB
                0x0020a884                memory_compareS
                0x0020a888                interfaces__cS
                0x0020a88c                nxt__avr_ioB
                0x0020a890                nxt__avr_ioS
                0x0020a894                memory_setB
                0x0020a898                memory_setS
                0x0020a89c                nxt__twiB
                0x0020a8a0                nxt__twiS
                0x0020a8a4                nxt__displayB
                0x0020a8a8                nxt__displayS
                0x0020a8ac                memory_copyB
                0x0020a8b0                memory_copyS
                0x0020a8b4                nxt__fontsS
                0x0020a8b8                nxt__lcdB
                0x0020a8bc                nxt__lcdS
                0x0020a8c0                nxt__spiB
                0x0020a8c4                nxt__spiS
                0x0020a8c8                system__unsigned_typesS
                0x0020a8cc                nxt__buffersB
                0x0020a8d0                nxt__buffersS
                0x0020a8d4                nxt__filteringB
                0x0020a8d8                nxt__filteringS
                0x0020a8dc                nxt__prioritiesS
                0x0020a8e0                system__tasking__restricted__stagesB
                0x0020a8e4                system__tasking__restricted__stagesS
                0x0020a8e8                system__tasking__restrictedS
                0x0020a8ec                nxt__light_sensorsB
                0x0020a8f0                nxt__light_sensorsS
                0x0020a8f4                nxt__sensor_portsB
                0x0020a8f8                nxt__sensor_portsS
                0x0020a8fc                nxt__motor_controlsB
                0x0020a900                nxt__motor_controlsS
                0x0020a904                nxt__motorsB
                0x0020a908                nxt__motorsS
                0x0020a90c                nxt__motors__simpleB
                0x0020a910                nxt__motors__simpleS
                0x0020a914                nxt__motor_encodersB
                0x0020a918                nxt__motor_encodersS
                0x0020a91c                nxt__motors__simple__ctorsB
                0x0020a920                nxt__motors__simple__ctorsS
                0x0020a924                nxt__mallocB
                0x0020a928                nxt__mallocS
                0x0020a92c                nxt__touch_sensorsB
                0x0020a930                nxt__touch_sensorsS
                0x0020a934                nxt__ultrasonic_sensorsB
                0x0020a938                nxt__ultrasonic_sensorsS
                0x0020a93c                nxt__i2c_portsB
                0x0020a940                nxt__i2c_portsS
                0x0020a944                nxt__i2c_sensorsB
                0x0020a948                nxt__i2c_sensorsS
                0x0020a94c                nxt__light_sensors__ctorsB
                0x0020a950                nxt__light_sensors__ctorsS
                0x0020a954                nxt__ultrasonic_sensors__ctorsB
                0x0020a958                nxt__ultrasonic_sensors__ctorsS
 .rodata        0x0020a95c        0x8 ./i-c.o
                0x0020a95c                interfaces__c__nul
                0x0020a960                interfaces__c__wide_nul
 .rodata        0x0020a964       0x30 ./system.o
                0x0020a964                system__system_name
                0x0020a965                system__default_bit_order
                0x0020a968                system__max_priority
                0x0020a96c                system__max_interrupt_priority
                0x0020a970                system__default_priority
                0x0020a974                system__null_address
                0x0020a978                system__backend_divide_checks
                0x0020a979                system__backend_overflow_checks
                0x0020a97a                system__command_line_args
                0x0020a97b                system__configurable_run_time
                0x0020a97c                system__denorm
                0x0020a97d                system__duration_32_bits
                0x0020a97e                system__exit_status_supported
                0x0020a97f                system__fractional_fixed_ops
                0x0020a980                system__frontend_layout
                0x0020a981                system__machine_overflows
                0x0020a982                system__machine_rounds
                0x0020a983                system__preallocated_stacks
                0x0020a984                system__signed_zeros
                0x0020a985                system__stack_check_default
                0x0020a986                system__stack_check_probes
                0x0020a987                system__stack_check_limits
                0x0020a988                system__support_64_bit_divides
                0x0020a989                system__support_aggregates
                0x0020a98a                system__support_composite_assign
                0x0020a98b                system__support_composite_compare
                0x0020a98c                system__support_long_shifts
                0x0020a98d                system__always_compatible_rep
                0x0020a98e                system__suppress_standard_library
                0x0020a98f                system__use_ada_main_program_name
                0x0020a990                system__zcx_by_default
                0x0020a991                system__gcc_zcx_support
 .rodata        0x0020a994        0x4 ./a-except.o
                0x0020a994                ada__exceptions__null_id
 .rodata        0x0020a998        0x8 ./s-maccod.o
                0x0020a998                system__machine_code__no_input_operands
                0x0020a99c                system__machine_code__no_output_operands
 .rodata        0x0020a9a0       0x30 ./s-parame.o
                0x0020a9a0                system__parameters__unspecified_size
                0x0020a9a4                system__parameters__dynamic
                0x0020a9a8                system__parameters__sec_stack_ratio
                0x0020a9ac                system__parameters__sec_stack_dynamic
                0x0020a9b0                system__parameters__default_stack_size
                0x0020a9b4                system__parameters__minimum_stack_size
                0x0020a9b8                system__parameters__stack_grows_down
                0x0020a9bc                system__parameters__c_malloc_linkname
                0x0020a9cc                system__parameters__garbage_collected
                0x0020a9cd                system__parameters__single_lock
                0x0020a9ce                system__parameters__no_abort
                0x0020a9cf                system__parameters__runtime_traces
 .rodata        0x0020a9d0        0xd ./s-stoele.o
 *fill*         0x0020a9dd        0x3 00
 .rodata        0x0020a9e0        0xc ./s-bbpara.o
                0x0020a9e0                system__bb__parameters__clock_frequency
                0x0020a9e4                system__bb__parameters__interrupt_levels
                0x0020a9e8                system__bb__parameters__multiprocessor
 .rodata        0x0020a9ec        0x1 ./s-multip.o
                0x0020a9ec                system__multiprocessors__not_a_specific_cpu
 *fill*         0x0020a9ed        0x3 00
 .rodata        0x0020a9f0        0x4 ./s-bbthre.o
                0x0020a9f0                system__bb__threads__null_thread_id
 .rodata        0x0020a9f4        0xc ./s-bbinte.o
                0x0020a9fc                system__bb__interrupts__no_interrupt
 .rodata        0x0020aa00        0x8 ./s-bbtime.o
                0x0020aa00                system__bb__time__tick
                0x0020aa04                system__bb__time__ticks_per_second
 .rodata        0x0020aa08       0x14 ./s-bbcppr.o
                0x0020aa08                system__bb__cpu_primitives__flag_f
                0x0020aa0c                system__bb__cpu_primitives__flag_i
                0x0020aa10                system__bb__cpu_primitives__sp
                0x0020aa14                system__bb__cpu_primitives__lr
                0x0020aa18                system__bb__cpu_primitives__arg
 .rodata        0x0020aa1c        0xc ./s-osinte.o
                0x0020aa1c                system__os_interface__no_interrupt
                0x0020aa20                system__os_interface__null_thread_id
                0x0020aa24                system__os_interface__lwp_self
 .rodata        0x0020aa28        0x1 ./s-mufalo.o
                0x0020aa28                system__multiprocessors__fair_locks__multiprocessor
 .rodata        0x0020aa29        0x1 ./s-tasinf.o
                0x0020aa29                system__task_info__unspecified_task_info
 *fill*         0x0020aa2a        0x6 00
 .rodata        0x0020aa30       0x40 ./a-reatim.o
                0x0020aa40                ada__real_time__time_first
                0x0020aa44                ada__real_time__time_last
                0x0020aa48                ada__real_time__time_span_first
                0x0020aa50                ada__real_time__time_span_last
                0x0020aa58                ada__real_time__time_span_zero
                0x0020aa60                ada__real_time__time_span_unit
                0x0020aa68                ada__real_time__tick
 .rodata        0x0020aa70        0xd ./a-retide.o
 *fill*         0x0020aa7d        0x3 00
 .rodata        0x0020aa80       0x24 ./s-taskin.o
                0x0020aa98                system__tasking__null_task
                0x0020aa9c                system__tasking__library_task_level
                0x0020aaa0                system__tasking__unspecified_priority
 .rodata        0x0020aaa4       0x64 ./a-tags.o
                0x0020aad4                ada__tags__tag_errorE
                0x0020aae8                ada__tags__R2s
                0x0020aaec                ada__tags__no_tag
                0x0020aaf0                ada__tags__dt_predef_prims_size
                0x0020aaf4                ada__tags__dt_offset_to_top_size
                0x0020aaf8                ada__tags__dt_typeinfo_ptr_size
                0x0020aafc                ada__tags__dt_offset_to_top_offset
                0x0020ab00                ada__tags__dt_predef_prims_offset
                0x0020ab04                ada__tags__max_predef_prims
 .rodata        0x0020ab08        0xd ./s-secsta.o
 *fill*         0x0020ab15        0x3 00
 .rodata        0x0020ab18       0x14 ./s-taprob.o
                0x0020ab28                system__tasking__protected_objects__null_po
 .rodata        0x0020ab2c        0xe ./s-tposen.o
                0x0020ab39                system__tasking__protected_objects__single_entry__multiprocessor
 *fill*         0x0020ab3a        0x2 00
 .rodata        0x0020ab3c        0x4 ./s-interr.o
                0x0020ab3c                system__interrupts__default_interrupt_priority
 .rodata        0x0020ab40        0xd ./a-interr.o
 *fill*         0x0020ab4d        0x3 00
 .rodata        0x0020ab50       0x28 ./s-tarest.o
 .rodata        0x0020ab78       0x13 ./memory_compare.o
 .rodata        0x0020ab8b       0x10 ./memory_copy.o
 .rodata        0x0020ab9b        0xf ./memory_set.o
 .rodata        0x0020abaa        0xf ./nxt-malloc.o
 *fill*         0x0020abb9        0x3 00
 .rodata        0x0020abbc       0xe4 ./nxt-audio.o
 .rodata        0x0020aca0      0x1dc ./nxt-fonts.o
                0x0020aca0                nxt__fonts__font5x8
 .rodata        0x0020ae7c       0x20 ./nxt-motor_encoders.o
 .rodata        0x0020ae9c        0x4 ./nxt-priorities.o
                0x0020ae9c                nxt__priorities__avr_io_pump_priority
 .rodata        0x0020aea0        0x8 ./nxt-spi.o
 .rodata        0x0020aea8       0x34 ./nxt-display.o
 .rodata        0x0020aedc       0x14 ./nxt-twi.o
 .rodata        0x0020aef0       0x50 ./nxt-avr_io.o
                0x0020aef0                nxt__avr_io__avr_string
                0x0020af30                nxt__avr_io__null_outgoing_msg
                0x0020af3c                nxt__avr_io__avr_address
 .rodata        0x0020af40       0x1c ./nxt-avr.o
                0x0020af58                nxt__avr__button_inputs__no_valueXn
 .rodata        0x0020af5c       0x84 ./nxt-motors.o
                0x0020af5c                nxt__motors__abstract_motorP
                0x0020af60                nxt__motors__abstract_motorY
                0x0020af64                nxt__motors__abstract_motorE8s
                0x0020af80                nxt__motors__abstract_motorB12s
                0x0020af9c                nxt__motors__abstract_motorR10s
                0x0020afac                nxt__motors__abstract_motorT
 .rodata        0x0020afe0       0xac ./nxt-motors-simple.o
                0x0020aff8                nxt__motors__simple__simple_motorP
                0x0020affc                nxt__motors__simple__simple_motorY
                0x0020b000                nxt__motors__simple__simple_motorE8s
                0x0020b020                nxt__motors__simple__simple_motorB12s
                0x0020b040                nxt__motors__simple__simple_motorR10s
                0x0020b050                nxt__motors__simple__simple_motorT
 .rodata        0x0020b08c       0x1c ./nxt-motors-simple-ctors.o
 .rodata        0x0020b0a8       0x15 ./nxt-sensor_ports.o
 *fill*         0x0020b0bd        0x3 00
 .rodata        0x0020b0c0       0x3c ./nxt-i2c_ports.o
                0x0020b0f2                nxt__i2c_ports__standard_mode
                0x0020b0f4                nxt__i2c_ports__lego_mode
                0x0020b0f6                nxt__i2c_ports__always_active
                0x0020b0f8                nxt__i2c_ports__no_release
 .rodata        0x0020b0fc       0xa4 ./nxt-i2c_sensors.o
                0x0020b110                nxt__i2c_sensors__i2c_sensorP
                0x0020b114                nxt__i2c_sensors__i2c_sensorY
                0x0020b118                nxt__i2c_sensors__i2c_sensorE10s
                0x0020b134                nxt__i2c_sensors__i2c_sensorB14s
                0x0020b150                nxt__i2c_sensors__i2c_sensorR12s
                0x0020b160                nxt__i2c_sensors__i2c_sensorT
 .rodata        0x0020b1a0       0x94 ./nxt-light_sensors.o
                0x0020b1a0                nxt__light_sensors__light_sensorP
                0x0020b1a4                nxt__light_sensors__light_sensorY
                0x0020b1a8                nxt__light_sensors__light_sensorE8s
                0x0020b1c8                nxt__light_sensors__light_sensorB12s
                0x0020b1e4                nxt__light_sensors__light_sensorR10s
                0x0020b1f4                nxt__light_sensors__light_sensorT
 .rodata        0x0020b234       0x1c ./nxt-light_sensors-ctors.o
 .rodata        0x0020b250       0x68 ./nxt-touch_sensors.o
                0x0020b250                nxt__touch_sensors__touch_sensorP
                0x0020b254                nxt__touch_sensors__touch_sensorY
                0x0020b258                nxt__touch_sensors__touch_sensorE10s
                0x0020b278                nxt__touch_sensors__touch_sensorB14s
                0x0020b294                nxt__touch_sensors__touch_sensorR12s
                0x0020b2a4                nxt__touch_sensors__touch_sensorT
 .rodata        0x0020b2b8      0x194 ./nxt-ultrasonic_sensors.o
                0x0020b33c                nxt__ultrasonic_sensors__operating_errorE
                0x0020b364                nxt__ultrasonic_sensors__R4s
                0x0020b368                nxt__ultrasonic_sensors__ultrasonic_sensorP
                0x0020b36c                nxt__ultrasonic_sensors__ultrasonic_sensorY
                0x0020b370                nxt__ultrasonic_sensors__ultrasonic_sensorE12s
                0x0020b39c                nxt__ultrasonic_sensors__ultrasonic_sensorB16s
                0x0020b3bc                nxt__ultrasonic_sensors__ultrasonic_sensorR14s
                0x0020b3cc                nxt__ultrasonic_sensors__ultrasonic_sensorT
 .rodata        0x0020b44c       0x21 ./nxt-ultrasonic_sensors-ctors.o
 *fill*         0x0020b46d        0x3 00
 .rodata        0x0020b470       0x40 ./tasks.o
                0x0020b494                tasks__prio_idle
                0x0020b498                tasks__prio_light
                0x0020b49c                tasks__prio_dist
                0x0020b4a0                tasks__distance_priority
                0x0020b4a4                tasks__light_priority
                0x0020b4a8                tasks__motor_priority
                0x0020b4ac                tasks__shutdown_priority
                0x0020b4b0                . = ALIGN (0x10)

.vfp11_veneer   0x00200040        0x0
 .vfp11_veneer  0x00000000        0x0 linker stubs

.v4_bx          0x00200040        0x0
 .v4_bx         0x00000000        0x0 linker stubs

.ARM.extab      0x0020b4b0        0x0
 *(.ARM.extab* .gnu.linkonce.armextab.*)
 .ARM.extab     0x0020b4b0        0x0 /home/lego/Documents/gnatmindstorms2011/bin/../lib/gcc/arm-eabi/4.5.3/libgcc.a(bpabi.o)
 .ARM.extab     0x0020b4b0        0x0 /home/lego/Documents/gnatmindstorms2011/bin/../lib/gcc/arm-eabi/4.5.3/libgcc.a(_divdi3.o)
 .ARM.extab     0x0020b4b0        0x0 /home/lego/Documents/gnatmindstorms2011/bin/../lib/gcc/arm-eabi/4.5.3/libgcc.a(_udivdi3.o)
                0x0020b4b0                PROVIDE (__exidx_start, .)

.ARM.exidx      0x0020b4b0       0x20
 *(.ARM.exidx* .gnu.linkonce.armexidx.*)
 .ARM.exidx     0x0020b4b0        0x8 /home/lego/Documents/gnatmindstorms2011/bin/../lib/gcc/arm-eabi/4.5.3/libgcc.a(bpabi.o)
                                 0x10 (size before relaxing)
 .ARM.exidx     0x0020b4b8        0x8 /home/lego/Documents/gnatmindstorms2011/bin/../lib/gcc/arm-eabi/4.5.3/libgcc.a(_divdi3.o)
 .ARM.exidx     0x0020b4c0       0x10 /home/lego/Documents/gnatmindstorms2011/bin/../lib/gcc/arm-eabi/4.5.3/libgcc.a(_udivdi3.o)
                                  0x8 (size before relaxing)
                0x0020b4d0                PROVIDE (__exidx_end, .)

.ram_text       0x0020b4d0        0x0
                0x0020b4d0                . = ALIGN (0x10)
 *.oram(*.text *.text.* *.glue*)
                0x0020b4d0                . = ALIGN (0x10)
 *.oram(*.rodata *.rodata.*)
                0x0020b4d0                . = ALIGN (0x10)
                0x0020b4d0                __ramtext_ram_start__ = ADDR (.ram_text)
                0x0020b4d0                __ramtext_ram_end__ = (ADDR (.ram_text) + SIZEOF (.ram_text))
                0x0020b4d0                __ramtext_load_start__ = LOADADDR (.ram_text)
                0x0020b4d0                __ramtext_load_end__ = (__ramtext_load_start__ + SIZEOF (.ram_text))

.data           0x0020b4d0      0x150
 *(*.data *.data.*)
 .data          0x0020b4d0        0x2 b~topdog.o
                0x0020b4d0                ada_main_E
 .data          0x0020b4d2        0x0 vectors.o
 .data          0x0020b4d2        0x0 init.o
 .data          0x0020b4d2        0x0 main.o
 .data          0x0020b4d2        0x0 irq.o
 .data          0x0020b4d2        0x0 context_switch-bb-arm.o
 .data          0x0020b4d2        0x2 ./ada.o
                0x0020b4d2                ada_E
 .data          0x0020b4d4        0x2 ./interfac.o
                0x0020b4d4                interfaces_E
 .data          0x0020b4d6        0x2 ./i-c.o
                0x0020b4d6                interfaces__c_E
 .data          0x0020b4d8        0x2 ./system.o
                0x0020b4d8                system_E
 .data          0x0020b4da        0x2 ./a-except.o
                0x0020b4da                ada__exceptions_E
 .data          0x0020b4dc        0x2 ./s-bb.o
                0x0020b4dc                system__bb_E
 .data          0x0020b4de        0x2 ./s-maccod.o
                0x0020b4de                system__machine_code_E
 .data          0x0020b4e0        0x2 ./s-parame.o
                0x0020b4e0                system__parameters_E
 .data          0x0020b4e2        0x2 ./s-stoele.o
                0x0020b4e2                system__storage_elements_E
 .data          0x0020b4e4        0x2 ./s-bbpara.o
                0x0020b4e4                system__bb__parameters_E
 .data          0x0020b4e6        0x2 ./s-bbpere.o
                0x0020b4e6                system__bb__peripherals__registers_E
 .data          0x0020b4e8        0x2 ./s-multip.o
                0x0020b4e8                system__multiprocessors_E
 .data          0x0020b4ea        0x2 ./s-bcprmu.o
                0x0020b4ea                system__bb__cpu_primitives__multiprocessors_E
 .data          0x0020b4ec        0x2 ./s-bbperi.o
                0x0020b4ec                system__bb__peripherals_E
 *fill*         0x0020b4ee        0x2 00
 .data          0x0020b4f0       0x14 ./s-bbthqu.o
                0x0020b4f0                first_thread_table
                0x0020b4f4                __gnat_running_thread_table
                0x0020b4f8                system__bb__threads__queues__alarms_table
                0x0020b4fc                system__bb__threads__queues_E
                0x0020b500                system__bb__threads__queues__global_list
 .data          0x0020b504        0x4 ./s-bbthre.o
                0x0020b504                system__bb__threads__initialized
                0x0020b506                system__bb__threads_E
 .data          0x0020b508        0x8 ./s-bbinte.o
                0x0020b508                system__bb__interrupts__interrupt_being_handled
                0x0020b50c                system__bb__interrupts_E
 .data          0x0020b510        0x2 ./s-bbtime.o
                0x0020b510                system__bb__time_E
 .data          0x0020b512        0x2 ./s-bbcppr.o
                0x0020b512                system__bb__cpu_primitives_E
 .data          0x0020b514        0x8 ./s-bbprot.o
                0x0020b514                system__bb__protection_E
                0x0020b518                system__bb__protection__wakeup_served_entry_callback
 .data          0x0020b51c        0x4 ./s-musplo.o
                0x0020b51c                system__multiprocessors__spin_locks_E
                0x0020b51e                system__multiprocessors__spin_locks__unlocked
 .data          0x0020b520        0x2 ./s-osinte.o
                0x0020b520                system__os_interface_E
 .data          0x0020b522        0x2 ./s-mufalo.o
                0x0020b522                system__multiprocessors__fair_locks_E
 .data          0x0020b524        0x2 ./s-tasinf.o
                0x0020b524                system__task_info_E
 .data          0x0020b526        0x2 ./s-taspri.o
                0x0020b526                system__task_primitives_E
 .data          0x0020b528        0xc ./s-tasdeb.o
                0x0020b528                system__tasking__debug__last_task
                0x0020b52c                system__tasking__debug__first_task
                0x0020b530                system__tasking__debug_E
 .data          0x0020b534        0x2 ./s-taprop.o
                0x0020b534                system__task_primitives__operations_E
 .data          0x0020b536        0x2 ./s-unstyp.o
                0x0020b536                system__unsigned_types_E
 .data          0x0020b538        0x2 ./a-reatim.o
                0x0020b538                ada__real_time_E
 .data          0x0020b53a        0x2 ./a-retide.o
                0x0020b53a                ada__real_time__delays_E
 .data          0x0020b53c       0x18 ./s-taskin.o
                0x0020b540                __gl_main_cpu
                0x0020b544                __gl_main_priority
                0x0020b548                system__tasking__fall_back_handler
                0x0020b550                system__tasking_E
 .data          0x0020b554       0x1c ./a-tags.o
                0x0020b554                ada__tags_E
                0x0020b558                ada__tags__tag_error
 .data          0x0020b570        0x2 ./s-secsta.o
                0x0020b570                system__secondary_stack_E
 .data          0x0020b572        0x2 ./s-taprob.o
                0x0020b572                system__tasking__protected_objects_E
 .data          0x0020b574        0x2 ./s-tpobmu.o
                0x0020b574                system__tasking__protected_objects__multiprocessors_E
 .data          0x0020b576        0x2 ./s-tposen.o
                0x0020b576                system__tasking__protected_objects__single_entry_E
 .data          0x0020b578        0x2 ./s-interr.o
                0x0020b578                system__interrupts_E
 .data          0x0020b57a        0x2 ./a-interr.o
                0x0020b57a                ada__interrupts_E
 .data          0x0020b57c        0x2 ./s-tasres.o
                0x0020b57c                system__tasking__restricted_E
 .data          0x0020b57e        0x2 ./s-tarest.o
                0x0020b57e                system__tasking__restricted__stages_E
 .data          0x0020b580        0x2 ./memory_compare.o
                0x0020b580                memory_compare_E
 .data          0x0020b582        0x2 ./memory_copy.o
                0x0020b582                memory_copy_E
 .data          0x0020b584        0x2 ./memory_set.o
                0x0020b584                memory_set_E
 .data          0x0020b586        0x2 ./nxt.o
                0x0020b586                nxt_E
 .data          0x0020b588        0x2 ./nxt-malloc.o
                0x0020b588                nxt__malloc_E
 .data          0x0020b58a        0x0 ./nxt-registers.o
 .data          0x0020b58a        0x2 ./nxt-audio.o
                0x0020b58a                nxt__audio_E
 .data          0x0020b58c        0x2 ./nxt-buffers.o
                0x0020b58c                nxt__buffers_E
 .data          0x0020b58e        0x2 ./nxt-filtering.o
                0x0020b58e                nxt__filtering_E
 .data          0x0020b590        0x2 ./nxt-fonts.o
                0x0020b590                nxt__fonts_E
 *fill*         0x0020b592        0x2 00
 .data          0x0020b594       0x10 ./nxt-motor_encoders.o
                0x0020b594                nxt__motor_encoders__encoder_count
                0x0020b5a0                nxt__motor_encoders_E
 .data          0x0020b5a4        0x2 ./nxt-priorities.o
                0x0020b5a4                nxt__priorities_E
 *fill*         0x0020b5a6        0x2 00
 .data          0x0020b5a8        0xc ./nxt-spi.o
                0x0020b5b0                nxt__spi_E
 .data          0x0020b5b4        0x2 ./nxt-lcd.o
                0x0020b5b4                nxt__lcd_E
 .data          0x0020b5b6        0x2 ./nxt-display.o
                0x0020b5b6                nxt__display_E
 .data          0x0020b5b8        0xc ./nxt-twi.o
                0x0020b5c0                nxt__twi_E
 .data          0x0020b5c4        0xc ./nxt-avr_io.o
                0x0020b5c4                nxt__avr_io__current_power_settings
                0x0020b5c8                nxt__avr_io__current_output_modes
                0x0020b5cc                nxt__avr_io__current_input_power
                0x0020b5ce                nxt__avr_io_E
 .data          0x0020b5d0        0x4 ./nxt-avr.o
                0x0020b5d2                nxt__avr_E
 .data          0x0020b5d4        0x2 ./nxt-motor_controls.o
                0x0020b5d4                nxt__motor_controls_E
 .data          0x0020b5d6        0x2 ./nxt-motors.o
                0x0020b5d6                nxt__motors_E
 .data          0x0020b5d8        0x2 ./nxt-motors-simple.o
                0x0020b5d8                nxt__motors__simple_E
 .data          0x0020b5da        0x2 ./nxt-motors-simple-ctors.o
                0x0020b5da                nxt__motors__simple__ctors_E
 .data          0x0020b5dc        0x2 ./nxt-sensor_ports.o
                0x0020b5dc                nxt__sensor_ports_E
 .data          0x0020b5de        0x4 ./nxt-i2c_ports.o
                0x0020b5e0                nxt__i2c_ports_E
 .data          0x0020b5e2        0x2 ./nxt-i2c_sensors.o
                0x0020b5e2                nxt__i2c_sensors_E
 .data          0x0020b5e4        0x2 ./nxt-light_sensors.o
                0x0020b5e4                nxt__light_sensors_E
 .data          0x0020b5e6        0x2 ./nxt-light_sensors-ctors.o
                0x0020b5e6                nxt__light_sensors__ctors_E
 .data          0x0020b5e8        0x2 ./nxt-touch_sensors.o
                0x0020b5e8                nxt__touch_sensors_E
 *fill*         0x0020b5ea        0x2 00
 .data          0x0020b5ec       0x1c ./nxt-ultrasonic_sensors.o
                0x0020b5ec                nxt__ultrasonic_sensors_E
                0x0020b5f0                nxt__ultrasonic_sensors__operating_error
 .data          0x0020b608        0x2 ./nxt-ultrasonic_sensors-ctors.o
                0x0020b608                nxt__ultrasonic_sensors__ctors_E
 *fill*         0x0020b60a        0x2 00
 .data          0x0020b60c       0x10 ./tasks.o
                0x0020b618                tasks_E
 .data          0x0020b61c        0x0 ./topdog.o
 .data          0x0020b61c        0x0 /home/lego/Documents/gnatmindstorms2011/bin/../lib/gcc/arm-eabi/4.5.3/libgcc.a(_udivsi3.o)
 .data          0x0020b61c        0x0 /home/lego/Documents/gnatmindstorms2011/bin/../lib/gcc/arm-eabi/4.5.3/libgcc.a(_divsi3.o)
 .data          0x0020b61c        0x0 /home/lego/Documents/gnatmindstorms2011/bin/../lib/gcc/arm-eabi/4.5.3/libgcc.a(_dvmd_tls.o)
 .data          0x0020b61c        0x0 /home/lego/Documents/gnatmindstorms2011/bin/../lib/gcc/arm-eabi/4.5.3/libgcc.a(_aeabi_ldivmod.o)
 .data          0x0020b61c        0x0 /home/lego/Documents/gnatmindstorms2011/bin/../lib/gcc/arm-eabi/4.5.3/libgcc.a(_aeabi_uldivmod.o)
 .data          0x0020b61c        0x0 /home/lego/Documents/gnatmindstorms2011/bin/../lib/gcc/arm-eabi/4.5.3/libgcc.a(bpabi.o)
 .data          0x0020b61c        0x0 /home/lego/Documents/gnatmindstorms2011/bin/../lib/gcc/arm-eabi/4.5.3/libgcc.a(_divdi3.o)
 .data          0x0020b61c        0x0 /home/lego/Documents/gnatmindstorms2011/bin/../lib/gcc/arm-eabi/4.5.3/libgcc.a(_udivdi3.o)
 .data          0x0020b61c        0x0 /home/lego/Documents/gnatmindstorms2011/bin/../lib/gcc/arm-eabi/4.5.3/libgcc.a(_clzsi2.o)
                0x0020b620                . = ALIGN (0x10)
 *fill*         0x0020b61c        0x4 00
                0x0020b4d0                __data_ram_start__ = ADDR (.data)
                0x0020b620                __data_ram_end__ = (ADDR (.data) + SIZEOF (.data))
                0x0020b4d0                __data_load_start__ = LOADADDR (.data)
                0x0020b620                __data_load_end__ = (__data_load_start__ + SIZEOF (.data))

.stack          0x0020b620      0x480
                0x0020b6a0                . = (. + 0x80)
 *fill*         0x0020b620       0x80 00
                0x0020b6a0                . = ALIGN (0x10)
                0x0020b6a0                __irq_stack__ = .
                0x0020b6a0                __system_stack_bottom__ = .
                0x0020b6a0                __stack_bottom = .
                0x0020baa0                . = (. + 0x400)
 *fill*         0x0020b6a0      0x400 00
                0x0020baa0                . = ALIGN (0x10)
                0x0020baa0                __system_stack__ = .
                0x0020baa0                __stack_top = .
                0x0020baa0                __system_stack_top__ = .
                0x0020b620                __stack_start__ = ADDR (.stack)
                0x0020baa0                __stack_end__ = (ADDR (.stack) + SIZEOF (.stack))

[...]
                                                  ./nxt-i2c_ports.o
                                                  ./nxt-twi.o
                                                  ./nxt-spi.o
                                                  ./nxt-motor_encoders.o
                                                  ./nxt-audio.o
system__interrupts__user_handlers                 ./s-interr.o
system__machine_codeS                             b~topdog.o
system__machine_code_E                            ./s-maccod.o
system__machine_code__asm_input_operand_listIP    ./s-maccod.o
system__machine_code__asm_output_operand_listIP   ./s-maccod.o
system__machine_code__no_input_operands           ./s-maccod.o
system__machine_code__no_output_operands          ./s-maccod.o
system__machine_overflows                         ./system.o
system__machine_rounds                            ./system.o
system__max_interrupt_priority                    ./system.o
system__max_priority                              ./system.o
system__multiprocessorsB                          b~topdog.o
system__multiprocessorsS                          b~topdog.o
system__multiprocessors_E                         ./s-multip.o
system__multiprocessors__fair_locksB              b~topdog.o
system__multiprocessors__fair_locksS              b~topdog.o
system__multiprocessors__fair_locks_E             ./s-mufalo.o
system__multiprocessors__fair_locks__Tspinning_arrayBIP ./s-mufalo.o
system__multiprocessors__fair_locks__fair_lockIP  ./s-mufalo.o
system__multiprocessors__fair_locks__initialize   ./s-mufalo.o
                                                  ./s-taprob.o
system__multiprocessors__fair_locks__lock         ./s-mufalo.o
                                                  ./s-tpobmu.o
system__multiprocessors__fair_locks__locked       ./s-mufalo.o
system__multiprocessors__fair_locks__multiprocessor ./s-mufalo.o
system__multiprocessors__fair_locks__next_spinning ./s-mufalo.o
system__multiprocessors__fair_locks__try_lock     ./s-mufalo.o
system__multiprocessors__fair_locks__unlock       ./s-mufalo.o
                                                  ./s-tpobmu.o
system__multiprocessors__not_a_specific_cpu       ./s-multip.o
system__multiprocessors__number_of_cpus           ./s-multip.o
                                                  ./s-tarest.o
                                                  ./s-taskin.o
system__multiprocessors__spin_locksB              b~topdog.o
system__multiprocessors__spin_locksS              b~topdog.o
system__multiprocessors__spin_locks_E             ./s-musplo.o
system__multiprocessors__spin_locks__lock         ./s-musplo.o
system__multiprocessors__spin_locks__locked       ./s-musplo.o
                                                  ./s-mufalo.o
system__multiprocessors__spin_locks__spin_lockIP  ./s-musplo.o
system__multiprocessors__spin_locks__try_lock     ./s-musplo.o
                                                  ./s-mufalo.o
system__multiprocessors__spin_locks__unlock       ./s-musplo.o
                                                  ./s-mufalo.o
system__multiprocessors__spin_locks__unlocked     ./s-musplo.o
system__null_address                              ./system.o
system__os_interfaceS                             b~topdog.o
system__os_interface_E                            ./s-osinte.o
system__os_interface__lwp_self                    ./s-osinte.o
system__os_interface__no_interrupt                ./s-osinte.o
system__os_interface__null_thread_id              ./s-osinte.o
system__parametersB                               b~topdog.o
system__parametersS                               b~topdog.o
system__parameters_E                              ./s-parame.o
system__parameters__adjust_storage_size           ./s-parame.o
                                                  ./s-taskin.o
system__parameters__c_malloc_linkname             ./s-parame.o
system__parameters__default_stack_size            ./s-parame.o
system__parameters__dynamic                       ./s-parame.o
system__parameters__garbage_collected             ./s-parame.o
system__parameters__minimum_stack_size            ./s-parame.o
system__parameters__no_abort                      ./s-parame.o
system__parameters__runtime_traces                ./s-parame.o
system__parameters__sec_stack_dynamic             ./s-parame.o
system__parameters__sec_stack_ratio               ./s-parame.o
system__parameters__single_lock                   ./s-parame.o
system__parameters__stack_grows_down              ./s-parame.o
system__parameters__unspecified_size              ./s-parame.o
system__preallocated_stacks                       ./system.o
system__secondary_stackB                          b~topdog.o
system__secondary_stackS                          b~topdog.o
system__secondary_stack_E                         ./s-secsta.o
system__secondary_stack__memoryIP                 ./s-secsta.o
system__secondary_stack__ss_allocate              ./s-secsta.o
                                                  ./nxt-ultrasonic_sensors-ctors.o
                                                  ./nxt-light_sensors-ctors.o
                                                  ./nxt-motors-simple-ctors.o
                                                  ./a-tags.o
system__secondary_stack__ss_init                  ./s-secsta.o
                                                  ./s-tarest.o
                                                  ./s-taskin.o
system__secondary_stack__ss_mark                  ./s-secsta.o
system__secondary_stack__ss_pool                  ./s-secsta.o
system__secondary_stack__ss_release               ./s-secsta.o
system__signed_zeros                              ./system.o
system__stack_check_default                       ./system.o
system__stack_check_limits                        ./system.o
system__stack_check_probes                        ./system.o
system__storage_elementsB                         b~topdog.o
system__storage_elementsS                         b~topdog.o
system__storage_elements_E                        ./s-stoele.o
system__storage_elements__Oadd                    ./s-stoele.o
system__storage_elements__Oadd__2                 ./s-stoele.o
system__storage_elements__Omod                    ./s-stoele.o
system__storage_elements__Osubtract               ./s-stoele.o
system__storage_elements__Osubtract__2            ./s-stoele.o
system__storage_elements__storage_arrayIP         ./s-stoele.o
system__storage_elements__to_address              ./s-stoele.o
system__storage_elements__to_integer              ./s-stoele.o
system__support_64_bit_divides                    ./system.o
system__support_aggregates                        ./system.o
system__support_composite_assign                  ./system.o
system__support_composite_compare                 ./system.o
system__support_long_shifts                       ./system.o
system__suppress_standard_library                 ./system.o
system__system_name                               ./system.o
system__task_infoB                                b~topdog.o
system__task_infoS                                b~topdog.o
system__task_info_E                               ./s-tasinf.o
system__task_info__unspecified_task_info          ./s-tasinf.o
system__task_primitivesS                          b~topdog.o
system__task_primitives_E                         ./s-taspri.o
system__task_primitives__operations(short, long,...)(...)( *) ./s-taprop.o
                                                  ./s-tarest.o
                                                  ./s-tposen.o
                                                  ./s-taskin.o
system__task_primitives__operations(short,...)(long, float) ./s-taprop.o
                                                  ./s-tarest.o
                                                  ./s-tposen.o
                                                  ./s-tpobmu.o
                                                  ./s-taskin.o
                                                  ./a-retide.o
system__task_primitives__operationsB              b~topdog.o
system__task_primitives__operationsS              b~topdog.o
system__task_primitives__operations_E             ./s-taprop.o
system__task_primitives__operations__create_task  ./s-taprop.o
                                                  ./s-tarest.o
system__task_primitives__operations__delay_until  ./s-taprop.o
                                                  ./a-retide.o
system__task_primitives__operations__enter_task   ./s-taprop.o
                                                  ./s-tarest.o
system__task_primitives__operations__get_affinity ./s-taprop.o
system__task_primitives__operations__get_cpu      ./s-taprop.o
                                                  ./s-tpobmu.o
system__task_primitives__operations__get_priority ./s-taprop.o
                                                  ./s-tpobmu.o
                                                  ./s-taprob.o
system__task_primitives__operations__get_thread_id ./s-taprop.o
system__task_primitives__operations__initialize   ./s-taprop.o
                                                  ./s-taskin.o
system__task_primitives__operations__initialize_slave ./s-taprop.o
                                                  ./s-taskin.o
system__task_primitives__operations__initialize_tcb ./s-taprop.o
                                                  ./s-taskin.o
system__task_primitives__operations__is_task_context ./s-taprop.o
system__task_primitives__operations__monotonic_clock ./s-taprop.o
                                                  ./a-reatim.o
system__task_primitives__operations__set_priority ./s-taprop.o
                                                  ./s-tarest.o
                                                  ./s-taprob.o
                                                  ./s-taskin.o
system__task_primitives__operations__wakeup       ./s-taprop.o
                                                  ./s-tposen.o
                                                  ./s-tpobmu.o
system__task_primitives__private_dataIP           ./s-taspri.o
system__tasking(short,...)(long, float)           ./s-taskin.o
                                                  ./s-tarest.o
                                                  ./s-taprob.o
system__taskingB                                  b~topdog.o
system__taskingS                                  b~topdog.o
system__tasking_E                                 ./s-taskin.o
system__tasking__E5sIP                            ./s-taskin.o
system__tasking__Tenvironment_tableBIP            ./s-taskin.o
system__tasking__activation_chainIP               ./s-taskin.o
system__tasking__debugB                           b~topdog.o
system__tasking__debugS                           b~topdog.o
system__tasking__debug_E                          ./s-tasdeb.o
system__tasking__debug__add_task_id               ./s-tasdeb.o
                                                  ./s-taprop.o
system__tasking__debug__first_task                ./s-tasdeb.o
system__tasking__debug__last_task                 ./s-tasdeb.o
system__tasking__fall_back_handler                ./s-taskin.o
                                                  ./s-tarest.o
system__tasking__initialize                       ./s-taskin.o
                                                  ./s-tarest.o
                                                  ./s-taprob.o
                                                  ./a-reatim.o
system__tasking__initialize_atcb                  ./s-taskin.o
                                                  ./s-tarest.o
system__tasking__library_task_level               ./s-taskin.o
system__tasking__null_task                        ./s-taskin.o
system__tasking__protected_objectsB               b~topdog.o
system__tasking__protected_objectsS               b~topdog.o
system__tasking__protected_objects_E              ./s-taprob.o
                                                  b~topdog.o
system__tasking__protected_objects___elabb        ./s-taprob.o
                                                  b~topdog.o
system__tasking__protected_objects__entry_bodyIP  ./s-taprob.o
system__tasking__protected_objects__initialize_protection ./s-taprob.o
                                                  ./nxt-i2c_ports.o
                                                  ./nxt-motor_encoders.o
                                                  ./nxt-audio.o
                                                  ./s-tposen.o
system__tasking__protected_objects__lock          ./s-taprob.o
                                                  ./nxt-i2c_ports.o
                                                  ./nxt-motor_encoders.o
                                                  ./nxt-audio.o
                                                  ./s-tposen.o
system__tasking__protected_objects__multiprocessors(short,...)(long double, void,...)(double) ./s-tpobmu.o
system__tasking__protected_objects__multiprocessorsB b~topdog.o
system__tasking__protected_objects__multiprocessorsS b~topdog.o
system__tasking__protected_objects__multiprocessors_E ./s-tpobmu.o
                                                  b~topdog.o
system__tasking__protected_objects__multiprocessors___elabb ./s-tpobmu.o
                                                  b~topdog.o
system__tasking__protected_objects__multiprocessors__entry_call_listIP ./s-tpobmu.o
system__tasking__protected_objects__multiprocessors__wakeup_served_entry ./s-tpobmu.o
system__tasking__protected_objects__null_po       ./s-taprob.o
system__tasking__protected_objects__protectionIP  ./s-taprob.o
system__tasking__protected_objects__single_entryB b~topdog.o
system__tasking__protected_objects__single_entryS b~topdog.o
system__tasking__protected_objects__single_entry_E ./s-tposen.o
system__tasking__protected_objects__single_entry__complete_single_entry_body ./s-tposen.o
                                                  ./tasks.o
                                                  ./nxt-twi.o
                                                  ./nxt-spi.o
system__tasking__protected_objects__single_entry__initialize_protection_entry ./s-tposen.o
                                                  ./tasks.o
                                                  ./nxt-twi.o
                                                  ./nxt-spi.o
system__tasking__protected_objects__single_entry__lock_entry ./s-tposen.o
                                                  ./tasks.o
                                                  ./nxt-twi.o
                                                  ./nxt-spi.o
system__tasking__protected_objects__single_entry__multiprocessor ./s-tposen.o
system__tasking__protected_objects__single_entry__protected_count_entry ./s-tposen.o
system__tasking__protected_objects__single_entry__protected_single_entry_call ./s-tposen.o
                                                  ./nxt-twi.o
                                                  ./nxt-spi.o
system__tasking__protected_objects__single_entry__protected_single_entry_caller ./s-tposen.o
system__tasking__protected_objects__single_entry__service_entry ./s-tposen.o
                                                  ./tasks.o
                                                  ./nxt-twi.o
                                                  ./nxt-spi.o
system__tasking__protected_objects__single_entry__unlock_entry ./s-tposen.o
                                                  ./tasks.o
system__tasking__protected_objects__unlock        ./s-taprob.o
                                                  ./nxt-i2c_ports.o
                                                  ./nxt-motor_encoders.o
                                                  ./nxt-audio.o
                                                  ./s-tposen.o
system__tasking__restrictedS                      b~topdog.o
system__tasking__restricted_E                     ./s-tasres.o
system__tasking__restricted__stagesB              b~topdog.o
system__tasking__restricted__stagesS              b~topdog.o
system__tasking__restricted__stages_E             ./s-tarest.o
                                                  b~topdog.o
system__tasking__restricted__stages___elabb       ./s-tarest.o
                                                  b~topdog.o
system__tasking__restricted__stages__activate_restricted_tasks ./s-tarest.o
                                                  ./tasks.o
                                                  ./nxt-avr.o
system__tasking__restricted__stages__complete_restricted_activation ./s-tarest.o
                                                  ./tasks.o
                                                  ./nxt-avr.o
system__tasking__restricted__stages__complete_restricted_task ./s-tarest.o
system__tasking__restricted__stages__create_restricted_task ./s-tarest.o
                                                  ./tasks.o
                                                  ./nxt-avr.o
system__tasking__restricted__stages__finalize_global_tasks ./s-tarest.o
system__tasking__restricted__stages__restricted_terminated ./s-tarest.o
system__tasking__storage_size                     ./s-taskin.o
system__tasking__unspecified_priority             ./s-taskin.o
system__unsigned_typesS                           b~topdog.o
system__unsigned_types_E                          ./s-unstyp.o
system__unsigned_types__packed_bytes1IP           ./s-unstyp.o
system__use_ada_main_program_name                 ./system.o
system__zcx_by_default                            ./system.o
tasking_error                                     ./s-taskin.o
tasks(bI *,  *)                                   ./tasks.o
tasksB                                            b~topdog.o
tasksS                                            b~topdog.o
tasks_E                                           ./tasks.o
                                                  b~topdog.o
tasks__R11s                                       ./tasks.o
tasks__R15s                                       ./tasks.o
tasks__R3s                                        ./tasks.o
tasks__R7s                                        ./tasks.o
tasks___elabb                                     ./tasks.o
                                                  b~topdog.o
tasks___elabs                                     ./tasks.o
                                                  b~topdog.o
tasks__background                                 ./tasks.o
                                                  ./topdog.o
tasks__command_typeIP                             ./tasks.o
tasks__commandcenterTVIP                          ./tasks.o
tasks__distance_priority                          ./tasks.o
tasks__distanceperiod                             ./tasks.o
tasks__distancetaskTKVIP                          ./tasks.o
tasks__engine_left                                ./tasks.o
tasks__engine_right                               ./tasks.o
tasks__light_priority                             ./tasks.o
tasks__lightperiod                                ./tasks.o
tasks__lighttaskTKVIP                             ./tasks.o
tasks__motor_priority                             ./tasks.o
tasks__motorperiod                                ./tasks.o
tasks__motortaskTKVIP                             ./tasks.o
tasks__photo                                      ./tasks.o
tasks__prio_dist                                  ./tasks.o
tasks__prio_idle                                  ./tasks.o
tasks__prio_light                                 ./tasks.o
tasks__shutdown_priority                          ./tasks.o
tasks__shutdownperiod                             ./tasks.o
tasks__shutdowntaskTKVIP                          ./tasks.o
tasks__sonar                                      ./tasks.o
topdogB                                           b~topdog.o
undef_handler                                     init.o
                                                  vectors.o
